// Jest Snapshot v1, https://goo.gl/fbAQLP

exports[`matches the snapshot of the Skills section 1`] = `
<DocumentFragment>
  <section
    aria-label="Skills"
    id="skills"
  >
    <h2>
      Skills
    </h2>
    <ul>
      <li>
        <strong>
          Programming Languages:
        </strong>
         Proficient in Java and JavaScript, with a focus on building scalable, maintainable web applications. Familiar with C++ and Python for backend and system-level development, ensuring efficiency and security in code.
      </li>
      <li>
        <strong>
          Web Development:
        </strong>
         Experienced in full-stack JavaScript development using React to build dynamic, responsive web applications. Skilled in HTML, CSS, and JavaScript, with a focus on creating intuitive, user-friendly interfaces. Familiar with Node.js for backend development and Java frameworks for building solutions.
      </li>
      <li>
        <strong>
          Frameworks & Libraries:
        </strong>
         Knowledgeable in React for front-end development, with experience using frameworks like Bootstrap and Material-UI to implement responsive designs. Familiar with Java-based frameworks such as Spring Boot for backend development.
      </li>
      <li>
        <strong>
          Information Security:
        </strong>
         Solid understanding of core cybersecurity principles, including secure coding practices, threat mitigation, and data protection. Gaining hands-on experience with securing web applications, conducting vulnerability assessments, and applying best practices to ensure privacy and integrity in development.
      </li>
    </ul>
  </section>
</DocumentFragment>
`;
